Archive member included to satisfy reference by file (symbol)

d:/ruanjian/mounriver/mounriver_studio2/resources/app/resources/win32/components/wch/toolchain/risc-v embedded gcc/bin/../lib/gcc/riscv-none-embed/8.2.0/rv32imacxw/ilp32\libgcc.a(_divdi3.o)
                              ./Peripheral/src/ch32v20x_usart.o (__divdi3)
d:/ruanjian/mounriver/mounriver_studio2/resources/app/resources/win32/components/wch/toolchain/risc-v embedded gcc/bin/../lib/gcc/riscv-none-embed/8.2.0/rv32imacxw/ilp32\libgcc.a(_udivdi3.o)
                              ./Peripheral/src/ch32v20x_usart.o (__udivdi3)
d:/ruanjian/mounriver/mounriver_studio2/resources/app/resources/win32/components/wch/toolchain/risc-v embedded gcc/bin/../lib/gcc/riscv-none-embed/8.2.0/rv32imacxw/ilp32\libgcc.a(save-restore.o)
                              ./Peripheral/src/ch32v20x_flash.o (__riscv_save_7)
d:/ruanjian/mounriver/mounriver_studio2/resources/app/resources/win32/components/wch/toolchain/risc-v embedded gcc/bin/../lib/gcc/riscv-none-embed/8.2.0/rv32imacxw/ilp32\libgcc.a(_clz.o)
                              d:/ruanjian/mounriver/mounriver_studio2/resources/app/resources/win32/components/wch/toolchain/risc-v embedded gcc/bin/../lib/gcc/riscv-none-embed/8.2.0/rv32imacxw/ilp32\libgcc.a(_divdi3.o) (__clz_tab)
d:/ruanjian/mounriver/mounriver_studio2/resources/app/resources/win32/components/wch/toolchain/risc-v embedded gcc/bin/../lib/gcc/riscv-none-embed/8.2.0/../../../../riscv-none-embed/lib/rv32imacxw/ilp32\libg_nano.a(lib_a-printf.o)
                              ./User/main.o (printf)
d:/ruanjian/mounriver/mounriver_studio2/resources/app/resources/win32/components/wch/toolchain/risc-v embedded gcc/bin/../lib/gcc/riscv-none-embed/8.2.0/../../../../riscv-none-embed/lib/rv32imacxw/ilp32\libg_nano.a(lib_a-puts.o)
                              ./User/main.o (puts)
d:/ruanjian/mounriver/mounriver_studio2/resources/app/resources/win32/components/wch/toolchain/risc-v embedded gcc/bin/../lib/gcc/riscv-none-embed/8.2.0/../../../../riscv-none-embed/lib/rv32imacxw/ilp32\libg_nano.a(lib_a-wbuf.o)
                              d:/ruanjian/mounriver/mounriver_studio2/resources/app/resources/win32/components/wch/toolchain/risc-v embedded gcc/bin/../lib/gcc/riscv-none-embed/8.2.0/../../../../riscv-none-embed/lib/rv32imacxw/ilp32\libg_nano.a(lib_a-puts.o) (__swbuf_r)
d:/ruanjian/mounriver/mounriver_studio2/resources/app/resources/win32/components/wch/toolchain/risc-v embedded gcc/bin/../lib/gcc/riscv-none-embed/8.2.0/../../../../riscv-none-embed/lib/rv32imacxw/ilp32\libg_nano.a(lib_a-wsetup.o)
                              d:/ruanjian/mounriver/mounriver_studio2/resources/app/resources/win32/components/wch/toolchain/risc-v embedded gcc/bin/../lib/gcc/riscv-none-embed/8.2.0/../../../../riscv-none-embed/lib/rv32imacxw/ilp32\libg_nano.a(lib_a-puts.o) (__swsetup_r)
d:/ruanjian/mounriver/mounriver_studio2/resources/app/resources/win32/components/wch/toolchain/risc-v embedded gcc/bin/../lib/gcc/riscv-none-embed/8.2.0/../../../../riscv-none-embed/lib/rv32imacxw/ilp32\libg_nano.a(lib_a-fflush.o)
                              d:/ruanjian/mounriver/mounriver_studio2/resources/app/resources/win32/components/wch/toolchain/risc-v embedded gcc/bin/../lib/gcc/riscv-none-embed/8.2.0/../../../../riscv-none-embed/lib/rv32imacxw/ilp32\libg_nano.a(lib_a-wbuf.o) (_fflush_r)
d:/ruanjian/mounriver/mounriver_studio2/resources/app/resources/win32/components/wch/toolchain/risc-v embedded gcc/bin/../lib/gcc/riscv-none-embed/8.2.0/../../../../riscv-none-embed/lib/rv32imacxw/ilp32\libg_nano.a(lib_a-findfp.o)
                              d:/ruanjian/mounriver/mounriver_studio2/resources/app/resources/win32/components/wch/toolchain/risc-v embedded gcc/bin/../lib/gcc/riscv-none-embed/8.2.0/../../../../riscv-none-embed/lib/rv32imacxw/ilp32\libg_nano.a(lib_a-printf.o) (__sinit)
d:/ruanjian/mounriver/mounriver_studio2/resources/app/resources/win32/components/wch/toolchain/risc-v embedded gcc/bin/../lib/gcc/riscv-none-embed/8.2.0/../../../../riscv-none-embed/lib/rv32imacxw/ilp32\libg_nano.a(lib_a-fwalk.o)
                              d:/ruanjian/mounriver/mounriver_studio2/resources/app/resources/win32/components/wch/toolchain/risc-v embedded gcc/bin/../lib/gcc/riscv-none-embed/8.2.0/../../../../riscv-none-embed/lib/rv32imacxw/ilp32\libg_nano.a(lib_a-findfp.o) (_fwalk)
d:/ruanjian/mounriver/mounriver_studio2/resources/app/resources/win32/components/wch/toolchain/risc-v embedded gcc/bin/../lib/gcc/riscv-none-embed/8.2.0/../../../../riscv-none-embed/lib/rv32imacxw/ilp32\libg_nano.a(lib_a-impure.o)
                              d:/ruanjian/mounriver/mounriver_studio2/resources/app/resources/win32/components/wch/toolchain/risc-v embedded gcc/bin/../lib/gcc/riscv-none-embed/8.2.0/../../../../riscv-none-embed/lib/rv32imacxw/ilp32\libg_nano.a(lib_a-fflush.o) (_global_impure_ptr)
[...]
Memory Configuration

Name             Origin             Length             Attributes
FLASH            0x0000000000000000 0x0000000000010000 xr
RAM              0x0000000020000000 0x0000000000005000 xrw
*default*        0x0000000000000000 0xffffffffffffffff

Linker script and memory map

LOAD ./User/ch32v20x_it.o
LOAD ./User/main.o
LOAD ./User/system_ch32v20x.o
LOAD ./Startup/startup_ch32v20x_D6.o
LOAD ./Peripheral/src/ch32v20x_adc.o
LOAD ./Peripheral/src/ch32v20x_bkp.o
LOAD ./Peripheral/src/ch32v20x_can.o
LOAD ./Peripheral/src/ch32v20x_crc.o
LOAD ./Peripheral/src/ch32v20x_dbgmcu.o
LOAD ./Peripheral/src/ch32v20x_dma.o
LOAD ./Peripheral/src/ch32v20x_exti.o
LOAD ./Peripheral/src/ch32v20x_flash.o
LOAD ./Peripheral/src/ch32v20x_gpio.o
LOAD ./Peripheral/src/ch32v20x_i2c.o
LOAD ./Peripheral/src/ch32v20x_iwdg.o
LOAD ./Peripheral/src/ch32v20x_misc.o
LOAD ./Peripheral/src/ch32v20x_opa.o
LOAD ./Peripheral/src/ch32v20x_pwr.o
LOAD ./Peripheral/src/ch32v20x_rcc.o
LOAD ./Peripheral/src/ch32v20x_rtc.o
LOAD ./Peripheral/src/ch32v20x_spi.o
LOAD ./Peripheral/src/ch32v20x_tim.o
LOAD ./Peripheral/src/ch32v20x_usart.o
LOAD ./Peripheral/src/ch32v20x_wwdg.o
LOAD ./Debug/debug.o
LOAD ./Core/core_riscv.o
LOAD d:/ruanjian/mounriver/mounriver_studio2/resources/app/resources/win32/components/wch/toolchain/risc-v embedded gcc/bin/../lib/gcc/riscv-none-embed/8.2.0/../../../../riscv-none-embed/lib/rv32imacxw/ilp32\libm.a
LOAD d:/ruanjian/mounriver/mounriver_studio2/resources/app/resources/win32/components/wch/toolchain/risc-v embedded gcc/bin/../lib/gcc/riscv-none-embed/8.2.0/rv32imacxw/ilp32\libgcc.a
LOAD d:/ruanjian/mounriver/mounriver_studio2/resources/app/resources/win32/components/wch/toolchain/risc-v embedded gcc/bin/../lib/gcc/riscv-none-embed/8.2.0/../../../../riscv-none-embed/lib/rv32imacxw/ilp32\libg_nano.a
LOAD d:/ruanjian/mounriver/mounriver_studio2/resources/app/resources/win32/components/wch/toolchain/risc-v embedded gcc/bin/../lib/gcc/riscv-none-embed/8.2.0/../../../../riscv-none-embed/lib/rv32imacxw/ilp32\libc_nano.a
LOAD d:/ruanjian/mounriver/mounriver_studio2/resources/app/resources/win32/components/wch/toolchain/risc-v embedded gcc/bin/../lib/gcc/riscv-none-embed/8.2.0/rv32imacxw/ilp32\libgcc.a
START GROUP
LOAD d:/ruanjian/mounriver/mounriver_studio2/resources/app/resources/win32/components/wch/toolchain/risc-v embedded gcc/bin/../lib/gcc/riscv-none-embed/8.2.0/rv32imacxw/ilp32\libgcc.a
LOAD d:/ruanjian/mounriver/mounriver_studio2/resources/app/resources/win32/components/wch/toolchain/risc-v embedded gcc/bin/../lib/gcc/riscv-none-embed/8.2.0/../../../../riscv-none-embed/lib/rv32imacxw/ilp32\libc_nano.a
LOAD d:/ruanjian/mounriver/mounriver_studio2/resources/app/resources/win32/components/wch/toolchain/risc-v embedded gcc/bin/../lib/gcc/riscv-none-embed/8.2.0/../../../../riscv-none-embed/lib/rv32imacxw/ilp32\libnosys.a
END GROUP
START GROUP
LOAD d:/ruanjian/mounriver/mounriver_studio2/resources/app/resources/win32/components/wch/toolchain/risc-v embedded gcc/bin/../lib/gcc/riscv-none-embed/8.2.0/rv32imacxw/ilp32\libgcc.a
LOAD d:/ruanjian/mounriver/mounriver_studio2/resources/app/resources/win32/components/wch/toolchain/risc-v embedded gcc/bin/../lib/gcc/riscv-none-embed/8.2.0/../../../../riscv-none-embed/lib/rv32imacxw/ilp32\libc_nano.a
LOAD d:/ruanjian/mounriver/mounriver_studio2/resources/app/resources/win32/components/wch/toolchain/risc-v embedded gcc/bin/../lib/gcc/riscv-none-embed/8.2.0/../../../../riscv-none-embed/lib/rv32imacxw/ilp32\libnosys.a
END GROUP
                0x0000000000000800                __stack_size = 0x800
                [!provide]                        PROVIDE (_stack_size = __stack_size)

.init           0x0000000000000000        0x4
                0x0000000000000000                _sinit = .
                0x0000000000000000                . = ALIGN (0x4)
 *(SORT_NONE(.init))
 .init          0x0000000000000000        0x4 ./Startup/startup_ch32v20x_D6.o
                0x0000000000000000                _start
                0x0000000000000004                . = ALIGN (0x4)
                0x0000000000000004                _einit = .

.vector         0x0000000000000004       0xfc
 *(.vector)
 .vector        0x0000000000000004       0xfc ./Startup/startup_ch32v20x_D6.o
                0x0000000000000100                . = ALIGN (0x40)

.text           0x0000000000000100     0x1e00
                0x0000000000000100                . = ALIGN (0x4)
 *(.text)
 .text          0x0000000000000100       0x60 d:/ruanjian/mounriver/mounriver_studio2/resources/app/resources/win32/components/wch/toolchain/risc-v embedded gcc/bin/../lib/gcc/riscv-none-embed/8.2.0/rv32imacxw/ilp32\libgcc.a(save-restore.o)
                0x0000000000000100                __riscv_save_12
                0x0000000000000108                __riscv_save_9
                0x0000000000000108                __riscv_save_11
                0x0000000000000108                __riscv_save_10
                0x0000000000000108                __riscv_save_8
                0x0000000000000116                __riscv_save_4
                0x0000000000000116                __riscv_save_6
                0x0000000000000116                __riscv_save_5
                0x0000000000000116                __riscv_save_7
                0x0000000000000130                __riscv_save_3
                0x0000000000000130                __riscv_save_2
                0x0000000000000130                __riscv_save_1
                0x0000000000000130                __riscv_save_0
                0x000000000000013c                __riscv_restore_12
                0x0000000000000140                __riscv_restore_11
                0x0000000000000140                __riscv_restore_9
                0x0000000000000140                __riscv_restore_10
                0x0000000000000140                __riscv_restore_8
                0x000000000000014a                __riscv_restore_5
                0x000000000000014a                __riscv_restore_7
                0x000000000000014a                __riscv_restore_6
                0x000000000000014a                __riscv_restore_4
                0x0000000000000154                __riscv_restore_3
                0x0000000000000154                __riscv_restore_0
                0x0000000000000154                __riscv_restore_2
                0x0000000000000154                __riscv_restore_1
 .text          0x0000000000000160       0xa8 d:/ruanjian/mounriver/mounriver_studio2/resources/app/resources/win32/components/wch/toolchain/risc-v embedded gcc/bin/../lib/gcc/riscv-none-embed/8.2.0/../../../../riscv-none-embed/lib/rv32imacxw/ilp32\libg_nano.a(lib_a-memset.o)
                0x0000000000000160                memset
 *(.text.*)
 .text.NMI_Handler
                0x0000000000000208        0x2 ./User/ch32v20x_it.o
                0x0000000000000208                NMI_Handler
 .text.HardFault_Handler
                0x000000000000020a       0x10 ./User/ch32v20x_it.o
                0x000000000000020a                HardFault_Handler
 .text.startup.main
                0x000000000000021a       0x46 ./User/main.o
                0x000000000000021a                main
 .text.SystemInit
                0x0000000000000260       0xea ./User/system_ch32v20x.o
                0x0000000000000260                SystemInit
 .text.SystemCoreClockUpdate
                0x000000000000034a       0x92 ./User/system_ch32v20x.o
                0x000000000000034a                SystemCoreClockUpdate
 .text.vector_handler
                0x00000000000003dc        0x2 ./Startup/startup_ch32v20x_D6.o
                0x00000000000003dc                EXTI2_IRQHandler
                0x00000000000003dc                TIM1_CC_IRQHandler
                0x00000000000003dc                SysTick_Handler
                0x00000000000003dc                PVD_IRQHandler
                0x00000000000003dc                EXTI3_IRQHandler
                0x00000000000003dc                USBFS_IRQHandler
                0x00000000000003dc                EXTI0_IRQHandler
                0x00000000000003dc                I2C2_EV_IRQHandler
                0x00000000000003dc                ADC1_2_IRQHandler
                0x00000000000003dc                Break_Point_Handler
                0x00000000000003dc                SPI1_IRQHandler
                0x00000000000003dc                TAMPER_IRQHandler
                0x00000000000003dc                Ecall_M_Mode_Handler
                0x00000000000003dc                DMA1_Channel4_IRQHandler
                0x00000000000003dc                USART3_IRQHandler
                0x00000000000003dc                RTC_IRQHandler
                0x00000000000003dc                DMA1_Channel7_IRQHandler
                0x00000000000003dc                CAN1_RX1_IRQHandler
                0x00000000000003dc                TIM4_IRQHandler
                0x00000000000003dc                I2C1_EV_IRQHandler
                0x00000000000003dc                DMA1_Channel6_IRQHandler
                0x00000000000003dc                UART4_IRQHandler
                0x00000000000003dc                TIM3_IRQHandler
                0x00000000000003dc                RCC_IRQHandler
                0x00000000000003dc                TIM1_TRG_COM_IRQHandler
                0x00000000000003dc                DMA1_Channel1_IRQHandler
                0x00000000000003dc                EXTI15_10_IRQHandler
                0x00000000000003dc                DMA1_Channel8_IRQHandler
                0x00000000000003dc                EXTI9_5_IRQHandler
                0x00000000000003dc                SPI2_IRQHandler
                0x00000000000003dc                DMA1_Channel5_IRQHandler
                0x00000000000003dc                EXTI4_IRQHandler
                0x00000000000003dc                USB_LP_CAN1_RX0_IRQHandler
                0x00000000000003dc                USB_HP_CAN1_TX_IRQHandler
                0x00000000000003dc                DMA1_Channel3_IRQHandler
                0x00000000000003dc                TIM1_UP_IRQHandler
                0x00000000000003dc                WWDG_IRQHandler
                0x00000000000003dc                Ecall_U_Mode_Handler
                0x00000000000003dc                TIM2_IRQHandler
                0x00000000000003dc                SW_Handler
                0x00000000000003dc                TIM1_BRK_IRQHandler
                0x00000000000003dc                EXTI1_IRQHandler
                0x00000000000003dc                RTCAlarm_IRQHandler
                0x00000000000003dc                USART2_IRQHandler
                0x00000000000003dc                I2C2_ER_IRQHandler
                0x00000000000003dc                DMA1_Channel2_IRQHandler
                0x00000000000003dc                CAN1_SCE_IRQHandler
                0x00000000000003dc                FLASH_IRQHandler
                0x00000000000003dc                USBFSWakeUp_IRQHandler
                0x00000000000003dc                USART1_IRQHandler
                0x00000000000003dc                I2C1_ER_IRQHandler
                0x00000000000003dc                USBWakeUp_IRQHandler
 .text.handle_reset
                0x00000000000003de       0x86 ./Startup/startup_ch32v20x_D6.o
                0x00000000000003de                handle_reset
 .text.DBGMCU_GetCHIPID
                0x0000000000000464        0xa ./Peripheral/src/ch32v20x_dbgmcu.o
                0x0000000000000464                DBGMCU_GetCHIPID
 .text.GPIO_Init
                0x000000000000046e       0xf2 ./Peripheral/src/ch32v20x_gpio.o
                0x000000000000046e                GPIO_Init
 .text.NVIC_PriorityGroupConfig
                0x0000000000000560        0x6 ./Peripheral/src/ch32v20x_misc.o
                0x0000000000000560                NVIC_PriorityGroupConfig
 .text.RCC_GetClocksFreq
                0x0000000000000566       0xbe ./Peripheral/src/ch32v20x_rcc.o
                0x0000000000000566                RCC_GetClocksFreq
 .text.RCC_APB2PeriphClockCmd
                0x0000000000000624       0x1e ./Peripheral/src/ch32v20x_rcc.o
                0x0000000000000624                RCC_APB2PeriphClockCmd
 .text.USART_Init
                0x0000000000000642       0xa2 ./Peripheral/src/ch32v20x_usart.o
                0x0000000000000642                USART_Init
 .text.USART_Cmd
                0x00000000000006e4       0x16 ./Peripheral/src/ch32v20x_usart.o
                0x00000000000006e4                USART_Cmd
 .text.USART_SendData
                0x00000000000006fa        0x8 ./Peripheral/src/ch32v20x_usart.o
                0x00000000000006fa                USART_SendData
 .text.USART_GetFlagStatus
                0x0000000000000702        0xa ./Peripheral/src/ch32v20x_usart.o
                0x0000000000000702                USART_GetFlagStatus
 .text.Delay_Init
                0x000000000000070c       0x2a ./Debug/debug.o
                0x000000000000070c                Delay_Init
 .text.USART_Printf_Init
                0x0000000000000736       0x50 ./Debug/debug.o
                0x0000000000000736                USART_Printf_Init
 .text._write   0x0000000000000786       0x38 ./Debug/debug.o
                0x0000000000000786                _write
 .text._sbrk    0x00000000000007be       0x26 ./Debug/debug.o
                0x00000000000007be                _sbrk
 .text.__udivdi3
                0x00000000000007e4      0x392 d:/ruanjian/mounriver/mounriver_studio2/resources/app/resources/win32/components/wch/toolchain/risc-v embedded gcc/bin/../lib/gcc/riscv-none-embed/8.2.0/rv32imacxw/ilp32\libgcc.a(_udivdi3.o)
                0x00000000000007e4                __udivdi3
 .text.printf   0x0000000000000b76       0x40 d:/ruanjian/mounriver/mounriver_studio2/resources/app/resources/win32/components/wch/toolchain/risc-v embedded gcc/bin/../lib/gcc/riscv-none-embed/8.2.0/../../../../riscv-none-embed/lib/rv32imacxw/ilp32\libg_nano.a(lib_a-printf.o)
                0x0000000000000b76                iprintf
                0x0000000000000b76                printf
 .text._puts_r  0x0000000000000bb6       0xd4 d:/ruanjian/mounriver/mounriver_studio2/resources/app/resources/win32/components/wch/toolchain/risc-v embedded gcc/bin/../lib/gcc/riscv-none-embed/8.2.0/../../../../riscv-none-embed/lib/rv32imacxw/ilp32\libg_nano.a(lib_a-puts.o)
                0x0000000000000bb6                _puts_r
 .text.puts     0x0000000000000c8a        0xa d:/ruanjian/mounriver/mounriver_studio2/resources/app/resources/win32/components/wch/toolchain/risc-v embedded gcc/bin/../lib/gcc/riscv-none-embed/8.2.0/../../../../riscv-none-embed/lib/rv32imacxw/ilp32\libg_nano.a(lib_a-puts.o)
                0x0000000000000c8a                puts
 .text.__swbuf_r
                0x0000000000000c94       0xbc d:/ruanjian/mounriver/mounriver_studio2/resources/app/resources/win32/components/wch/toolchain/risc-v embedded gcc/bin/../lib/gcc/riscv-none-embed/8.2.0/../../../../riscv-none-embed/lib/rv32imacxw/ilp32\libg_nano.a(lib_a-wbuf.o)
                0x0000000000000c94                __swbuf_r
 .text.__swsetup_r
                0x0000000000000d50       0xfc d:/ruanjian/mounriver/mounriver_studio2/resources/app/resources/win32/components/wch/toolchain/risc-v embedded gcc/bin/../lib/gcc/riscv-none-embed/8.2.0/../../../../riscv-none-embed/lib/rv32imacxw/ilp32\libg_nano.a(lib_a-wsetup.o)
                0x0000000000000d50                __swsetup_r
 .text.__sflush_r
                0x0000000000000e4c      0x130 d:/ruanjian/mounriver/mounriver_studio2/resources/app/resources/win32/components/wch/toolchain/risc-v embedded gcc/bin/../lib/gcc/riscv-none-embed/8.2.0/../../../../riscv-none-embed/lib/rv32imacxw/ilp32\libg_nano.a(lib_a-fflush.o)
                0x0000000000000e4c                __sflush_r
 .text._fflush_r
                0x0000000000000f7c       0x64 d:/ruanjian/mounriver/mounriver_studio2/resources/app/resources/win32/components/wch/toolchain/risc-v embedded gcc/bin/../lib/gcc/riscv-none-embed/8.2.0/../../../../riscv-none-embed/lib/rv32imacxw/ilp32\libg_nano.a(lib_a-fflush.o)
                0x0000000000000f7c                _fflush_r
 .text.std      0x0000000000000fe0       0x66 d:/ruanjian/mounriver/mounriver_studio2/resources/app/resources/win32/components/wch/toolchain/risc-v embedded gcc/bin/../lib/gcc/riscv-none-embed/8.2.0/../../../../riscv-none-embed/lib/rv32imacxw/ilp32\libg_nano.a(lib_a-findfp.o)
 .text._cleanup_r
                0x0000000000001046        0xa d:/ruanjian/mounriver/mounriver_studio2/resources/app/resources/win32/components/wch/toolchain/risc-v embedded gcc/bin/../lib/gcc/riscv-none-embed/8.2.0/../../../../riscv-none-embed/lib/rv32imacxw/ilp32\libg_nano.a(lib_a-findfp.o)
                0x0000000000001046                _cleanup_r
 .text.__sfmoreglue
                0x0000000000001050       0x46 d:/ruanjian/mounriver/mounriver_studio2/resources/app/resources/win32/components/wch/toolchain/risc-v embedded gcc/bin/../lib/gcc/riscv-none-embed/8.2.0/../../../../riscv-none-embed/lib/rv32imacxw/ilp32\libg_nano.a(lib_a-findfp.o)
                0x0000000000001050                __sfmoreglue
 .text.__sinit  0x0000000000001096       0x66 d:/ruanjian/mounriver/mounriver_studio2/resources/app/resources/win32/components/wch/toolchain/risc-v embedded gcc/bin/../lib/gcc/riscv-none-embed/8.2.0/../../../../riscv-none-embed/lib/rv32imacxw/ilp32\libg_nano.a(lib_a-findfp.o)
                0x0000000000001096                __sinit
 .text.__sfp    0x00000000000010fc       0x9c d:/ruanjian/mounriver/mounriver_studio2/resources/app/resources/win32/components/wch/toolchain/risc-v embedded gcc/bin/../lib/gcc/riscv-none-embed/8.2.0/../../../../riscv-none-embed/lib/rv32imacxw/ilp32\libg_nano.a(lib_a-findfp.o)
                0x00000000000010fc                __sfp
 .text._fwalk_reent
                0x0000000000001198       0x6a d:/ruanjian/mounriver/mounriver_studio2/resources/app/resources/win32/components/wch/toolchain/risc-v embedded gcc/bin/../lib/gcc/riscv-none-embed/8.2.0/../../../../riscv-none-embed/lib/rv32imacxw/ilp32\libg_nano.a(lib_a-fwalk.o)
                0x0000000000001198                _fwalk_reent
 .text.__swhatbuf_r
                0x0000000000001202       0x58 d:/ruanjian/mounriver/mounriver_studio2/resources/app/resources/win32/components/wch/toolchain/risc-v embedded gcc/bin/../lib/gcc/riscv-none-embed/8.2.0/../../../../riscv-none-embed/lib/rv32imacxw/ilp32\libg_nano.a(lib_a-makebuf.o)
                0x0000000000001202                __swhatbuf_r
 .text.__smakebuf_r
                0x000000000000125a       0x90 d:/ruanjian/mounriver/mounriver_studio2/resources/app/resources/win32/components/wch/toolchain/risc-v embedded gcc/bin/../lib/gcc/riscv-none-embed/8.2.0/../../../../riscv-none-embed/lib/rv32imacxw/ilp32\libg_nano.a(lib_a-makebuf.o)
                0x000000000000125a                __smakebuf_r
 .text._free_r  0x00000000000012ea       0xa8 d:/ruanjian/mounriver/mounriver_studio2/resources/app/resources/win32/components/wch/toolchain/risc-v embedded gcc/bin/../lib/gcc/riscv-none-embed/8.2.0/../../../../riscv-none-embed/lib/rv32imacxw/ilp32\libg_nano.a(lib_a-nano-freer.o)
                0x00000000000012ea                _free_r
 .text._malloc_r
                0x0000000000001392       0xd4 d:/ruanjian/mounriver/mounriver_studio2/resources/app/resources/win32/components/wch/toolchain/risc-v embedded gcc/bin/../lib/gcc/riscv-none-embed/8.2.0/../../../../riscv-none-embed/lib/rv32imacxw/ilp32\libg_nano.a(lib_a-nano-mallocr.o)
                0x0000000000001392                _malloc_r
 .text.__sfputc_r
                0x0000000000001466       0x28 d:/ruanjian/mounriver/mounriver_studio2/resources/app/resources/win32/components/wch/toolchain/risc-v embedded gcc/bin/../lib/gcc/riscv-none-embed/8.2.0/../../../../riscv-none-embed/lib/rv32imacxw/ilp32\libg_nano.a(lib_a-nano-vfprintf.o)
 .text.__sfputs_r
                0x000000000000148e       0x40 d:/ruanjian/mounriver/mounriver_studio2/resources/app/resources/win32/components/wch/toolchain/risc-v embedded gcc/bin/../lib/gcc/riscv-none-embed/8.2.0/../../../../riscv-none-embed/lib/rv32imacxw/ilp32\libg_nano.a(lib_a-nano-vfprintf.o)
                0x000000000000148e                __sfputs_r
 .text._vfprintf_r
                0x00000000000014ce      0x284 d:/ruanjian/mounriver/mounriver_studio2/resources/app/resources/win32/components/wch/toolchain/risc-v embedded gcc/bin/../lib/gcc/riscv-none-embed/8.2.0/../../../../riscv-none-embed/lib/rv32imacxw/ilp32\libg_nano.a(lib_a-nano-vfprintf.o)
                0x00000000000014ce                _vfprintf_r
                0x00000000000014ce                _vfiprintf_r
 .text._printf_common
                0x0000000000001752      0x10c d:/ruanjian/mounriver/mounriver_studio2/resources/app/resources/win32/components/wch/toolchain/risc-v embedded gcc/bin/../lib/gcc/riscv-none-embed/8.2.0/../../../../riscv-none-embed/lib/rv32imacxw/ilp32\libg_nano.a(lib_a-nano-vfprintf_i.o)
                0x0000000000001752                _printf_common
 .text._printf_i
                0x000000000000185e      0x2a0 d:/ruanjian/mounriver/mounriver_studio2/resources/app/resources/win32/components/wch/toolchain/risc-v embedded gcc/bin/../lib/gcc/riscv-none-embed/8.2.0/../../../../riscv-none-embed/lib/rv32imacxw/ilp32\libg_nano.a(lib_a-nano-vfprintf_i.o)
                0x000000000000185e                _printf_i
 .text._sbrk_r  0x0000000000001afe       0x2a d:/ruanjian/mounriver/mounriver_studio2/resources/app/resources/win32/components/wch/toolchain/risc-v embedded gcc/bin/../lib/gcc/riscv-none-embed/8.2.0/../../../../riscv-none-embed/lib/rv32imacxw/ilp32\libg_nano.a(lib_a-sbrkr.o)
                0x0000000000001afe                _sbrk_r
 .text.__sread  0x0000000000001b28       0x2c d:/ruanjian/mounriver/mounriver_studio2/resources/app/resources/win32/components/wch/toolchain/risc-v embedded gcc/bin/../lib/gcc/riscv-none-embed/8.2.0/../../../../riscv-none-embed/lib/rv32imacxw/ilp32\libg_nano.a(lib_a-stdio.o)
                0x0000000000001b28                __sread
 .text.__swrite
                0x0000000000001b54       0x48 d:/ruanjian/mounriver/mounriver_studio2/resources/app/resources/win32/components/wch/toolchain/risc-v embedded gcc/bin/../lib/gcc/riscv-none-embed/8.2.0/../../../../riscv-none-embed/lib/rv32imacxw/ilp32\libg_nano.a(lib_a-stdio.o)
                0x0000000000001b54                __swrite
 .text.__sseek  0x0000000000001b9c       0x30 d:/ruanjian/mounriver/mounriver_studio2/resources/app/resources/win32/components/wch/toolchain/risc-v embedded gcc/bin/../lib/gcc/riscv-none-embed/8.2.0/../../../../riscv-none-embed/lib/rv32imacxw/ilp32\libg_nano.a(lib_a-stdio.o)
                0x0000000000001b9c                __sseek
 .text.__sclose
                0x0000000000001bcc        0x6 d:/ruanjian/mounriver/mounriver_studio2/resources/app/resources/win32/components/wch/toolchain/risc-v embedded gcc/bin/../lib/gcc/riscv-none-embed/8.2.0/../../../../riscv-none-embed/lib/rv32imacxw/ilp32\libg_nano.a(lib_a-stdio.o)
                0x0000000000001bcc                __sclose
 .text._write_r
                0x0000000000001bd2       0x2e d:/ruanjian/mounriver/mounriver_studio2/resources/app/resources/win32/components/wch/toolchain/risc-v embedded gcc/bin/../lib/gcc/riscv-none-embed/8.2.0/../../../../riscv-none-embed/lib/rv32imacxw/ilp32\libg_nano.a(lib_a-writer.o)
                0x0000000000001bd2                _write_r
 .text._close_r
                0x0000000000001c00       0x28 d:/ruanjian/mounriver/mounriver_studio2/resources/app/resources/win32/components/wch/toolchain/risc-v embedded gcc/bin/../lib/gcc/riscv-none-embed/8.2.0/../../../../riscv-none-embed/lib/rv32imacxw/ilp32\libg_nano.a(lib_a-closer.o)
                0x0000000000001c00                _close_r
 .text._fstat_r
                0x0000000000001c28       0x2a d:/ruanjian/mounriver/mounriver_studio2/resources/app/resources/win32/components/wch/toolchain/risc-v embedded gcc/bin/../lib/gcc/riscv-none-embed/8.2.0/../../../../riscv-none-embed/lib/rv32imacxw/ilp32\libg_nano.a(lib_a-fstatr.o)
                0x0000000000001c28                _fstat_r
 .text._isatty_r
                0x0000000000001c52       0x28 d:/ruanjian/mounriver/mounriver_studio2/resources/app/resources/win32/components/wch/toolchain/risc-v embedded gcc/bin/../lib/gcc/riscv-none-embed/8.2.0/../../../../riscv-none-embed/lib/rv32imacxw/ilp32\libg_nano.a(lib_a-isattyr.o)
                0x0000000000001c52                _isatty_r
 .text._lseek_r
                0x0000000000001c7a       0x2c d:/ruanjian/mounriver/mounriver_studio2/resources/app/resources/win32/components/wch/toolchain/risc-v embedded gcc/bin/../lib/gcc/riscv-none-embed/8.2.0/../../../../riscv-none-embed/lib/rv32imacxw/ilp32\libg_nano.a(lib_a-lseekr.o)
                0x0000000000001c7a                _lseek_r
 .text.memchr   0x0000000000001ca6       0x18 d:/ruanjian/mounriver/mounriver_studio2/resources/app/resources/win32/components/wch/toolchain/risc-v embedded gcc/bin/../lib/gcc/riscv-none-embed/8.2.0/../../../../riscv-none-embed/lib/rv32imacxw/ilp32\libg_nano.a(lib_a-memchr.o)
                0x0000000000001ca6                memchr
 .text.__malloc_lock
                0x0000000000001cbe        0x2 d:/ruanjian/mounriver/mounriver_studio2/resources/app/resources/win32/components/wch/toolchain/risc-v embedded gcc/bin/../lib/gcc/riscv-none-embed/8.2.0/../../../../riscv-none-embed/lib/rv32imacxw/ilp32\libg_nano.a(lib_a-mlock.o)
                0x0000000000001cbe                __malloc_lock
 .text.__malloc_unlock
                0x0000000000001cc0        0x2 d:/ruanjian/mounriver/mounriver_studio2/resources/app/resources/win32/components/wch/toolchain/risc-v embedded gcc/bin/../lib/gcc/riscv-none-embed/8.2.0/../../../../riscv-none-embed/lib/rv32imacxw/ilp32\libg_nano.a(lib_a-mlock.o)
                0x0000000000001cc0                __malloc_unlock
 .text._read_r  0x0000000000001cc2       0x2c d:/ruanjian/mounriver/mounriver_studio2/resources/app/resources/win32/components/wch/toolchain/risc-v embedded gcc/bin/../lib/gcc/riscv-none-embed/8.2.0/../../../../riscv-none-embed/lib/rv32imacxw/ilp32\libg_nano.a(lib_a-readr.o)
                0x0000000000001cc2                _read_r
 .text._close   0x0000000000001cee        0xc d:/ruanjian/mounriver/mounriver_studio2/resources/app/resources/win32/components/wch/toolchain/risc-v embedded gcc/bin/../lib/gcc/riscv-none-embed/8.2.0/../../../../riscv-none-embed/lib/rv32imacxw/ilp32\libnosys.a(close.o)
                0x0000000000001cee                _close
 .text._fstat   0x0000000000001cfa        0xc d:/ruanjian/mounriver/mounriver_studio2/resources/app/resources/win32/components/wch/toolchain/risc-v embedded gcc/bin/../lib/gcc/riscv-none-embed/8.2.0/../../../../riscv-none-embed/lib/rv32imacxw/ilp32\libnosys.a(fstat.o)
                0x0000000000001cfa                _fstat
 .text._isatty  0x0000000000001d06        0xc d:/ruanjian/mounriver/mounriver_studio2/resources/app/resources/win32/components/wch/toolchain/risc-v embedded gcc/bin/../lib/gcc/riscv-none-embed/8.2.0/../../../../riscv-none-embed/lib/rv32imacxw/ilp32\libnosys.a(isatty.o)
                0x0000000000001d06                _isatty
 .text._lseek   0x0000000000001d12        0xc d:/ruanjian/mounriver/mounriver_studio2/resources/app/resources/win32/components/wch/toolchain/risc-v embedded gcc/bin/../lib/gcc/riscv-none-embed/8.2.0/../../../../riscv-none-embed/lib/rv32imacxw/ilp32\libnosys.a(lseek.o)
                0x0000000000001d12                _lseek
 .text._read    0x0000000000001d1e        0xc d:/ruanjian/mounriver/mounriver_studio2/resources/app/resources/win32/components/wch/toolchain/risc-v embedded gcc/bin/../lib/gcc/riscv-none-embed/8.2.0/../../../../riscv-none-embed/lib/rv32imacxw/ilp32\libnosys.a(read.o)
                0x0000000000001d1e                _read
 *(.rodata)
 *(.rodata*)
 *fill*         0x0000000000001d2a        0x2 
 .rodata.main.str1.4
                0x0000000000001d2c       0x38 ./User/main.o
 .rodata.__clz_tab
                0x0000000000001d64      0x100 d:/ruanjian/mounriver/mounriver_studio2/resources/app/resources/win32/components/wch/toolchain/risc-v embedded gcc/bin/../lib/gcc/riscv-none-embed/8.2.0/rv32imacxw/ilp32\libgcc.a(_clz.o)
                0x0000000000001d64                __clz_tab
 .rodata.__sf_fake_stderr
                0x0000000000001e64       0x20 d:/ruanjian/mounriver/mounriver_studio2/resources/app/resources/win32/components/wch/toolchain/risc-v embedded gcc/bin/../lib/gcc/riscv-none-embed/8.2.0/../../../../riscv-none-embed/lib/rv32imacxw/ilp32\libg_nano.a(lib_a-findfp.o)
                0x0000000000001e64                __sf_fake_stderr
 .rodata.__sf_fake_stdin
                0x0000000000001e84       0x20 d:/ruanjian/mounriver/mounriver_studio2/resources/app/resources/win32/components/wch/toolchain/risc-v embedded gcc/bin/../lib/gcc/riscv-none-embed/8.2.0/../../../../riscv-none-embed/lib/rv32imacxw/ilp32\libg_nano.a(lib_a-findfp.o)
                0x0000000000001e84                __sf_fake_stdin
 .rodata.__sf_fake_stdout
                0x0000000000001ea4       0x20 d:/ruanjian/mounriver/mounriver_studio2/resources/app/resources/win32/components/wch/toolchain/risc-v embedded gcc/bin/../lib/gcc/riscv-none-embed/8.2.0/../../../../riscv-none-embed/lib/rv32imacxw/ilp32\libg_nano.a(lib_a-findfp.o)
                0x0000000000001ea4                __sf_fake_stdout
 .rodata._vfprintf_r.str1.4
                0x0000000000001ec4       0x13 d:/ruanjian/mounriver/mounriver_studio2/resources/app/resources/win32/components/wch/toolchain/risc-v embedded gcc/bin/../lib/gcc/riscv-none-embed/8.2.0/../../../../riscv-none-embed/lib/rv32imacxw/ilp32\libg_nano.a(lib_a-nano-vfprintf.o)
 *fill*         0x0000000000001ed7        0x1 
 .rodata._printf_i.str1.4
                0x0000000000001ed8       0x28 d:/ruanjian/mounriver/mounriver_studio2/resources/app/resources/win32/components/wch/toolchain/risc-v embedded gcc/bin/../lib/gcc/riscv-none-embed/8.2.0/../../../../riscv-none-embed/lib/rv32imacxw/ilp32\libg_nano.a(lib_a-nano-vfprintf_i.o)
                                         0x25 (size before relaxing)
 *(.gnu.linkonce.t.*)
                0x0000000000001f00                . = ALIGN (0x4)

.rela.dyn       0x0000000000001f00        0x0
 .rela.init     0x0000000000001f00        0x0 ./User/ch32v20x_it.o
 .rela.vector   0x0000000000001f00        0x0 ./User/ch32v20x_it.o
 .rela.text.handle_reset
                0x0000000000001f00        0x0 ./User/ch32v20x_it.o
 .rela.text._sbrk
                0x0000000000001f00        0x0 ./User/ch32v20x_it.o
 .rela.sdata.curbrk.4672
                0x0000000000001f00        0x0 ./User/ch32v20x_it.o
 .rela.text._vfprintf_r
                0x0000000000001f00        0x0 ./User/ch32v20x_it.o
 .rela.text._sbrk_r
                0x0000000000001f00        0x0 ./User/ch32v20x_it.o
 .rela.text._write_r
                0x0000000000001f00        0x0 ./User/ch32v20x_it.o
 .rela.text._close_r
                0x0000000000001f00        0x0 ./User/ch32v20x_it.o
 .rela.text._fstat_r
                0x0000000000001f00        0x0 ./User/ch32v20x_it.o
 .rela.text._isatty_r
                0x0000000000001f00        0x0 ./User/ch32v20x_it.o
 .rela.text._lseek_r
                0x0000000000001f00        0x0 ./User/ch32v20x_it.o
 .rela.text._read_r
                0x0000000000001f00        0x0 ./User/ch32v20x_it.o
 .rela.text._close
                0x0000000000001f00        0x0 ./User/ch32v20x_it.o
 .rela.text._fstat
                0x0000000000001f00        0x0 ./User/ch32v20x_it.o
 .rela.text._isatty
                0x0000000000001f00        0x0 ./User/ch32v20x_it.o
 .rela.text._lseek
                0x0000000000001f00        0x0 ./User/ch32v20x_it.o
 .rela.text._read
                0x0000000000001f00        0x0 ./User/ch32v20x_it.o

.fini           0x0000000000001f00        0x0
 *(SORT_NONE(.fini))
                0x0000000000001f00                . = ALIGN (0x4)
                [!provide]                        PROVIDE (_etext = .)
                [!provide]                        PROVIDE (_eitcm = .)

.preinit_array  0x0000000000001f00        0x0
                [!provide]                        PROVIDE (__preinit_array_start = .)
 *(.preinit_array)
                [!provide]                        PROVIDE (__preinit_array_end = .)

.init_array     0x0000000000001f00        0x0
                [!provide]                        PROVIDE (__init_array_start = .)
 *(SORT_BY_INIT_PRIORITY(.init_array.*) SORT_BY_INIT_PRIORITY(.ctors.*))
 *(.init_array EXCLUDE_FILE(*crtend?.o *crtend.o *crtbegin?.o *crtbegin.o) .ctors)
                [!provide]                        PROVIDE (__init_array_end = .)

.fini_array     0x0000000000001f00        0x0
                [!provide]                        PROVIDE (__fini_array_start = .)
 *(SORT_BY_INIT_PRIORITY(.fini_array.*) SORT_BY_INIT_PRIORITY(.dtors.*))
 *(.fini_array EXCLUDE_FILE(*crtend?.o *crtend.o *crtbegin?.o *crtbegin.o) .dtors)
                [!provide]                        PROVIDE (__fini_array_end = .)

.ctors
 *crtbegin.o(.ctors)
 *crtbegin?.o(.ctors)
 *(EXCLUDE_FILE(*crtend?.o *crtend.o) .ctors)
 *(SORT_BY_NAME(.ctors.*))
 *(.ctors)

.dtors
 *crtbegin.o(.dtors)
 *crtbegin?.o(.dtors)
 *(EXCLUDE_FILE(*crtend?.o *crtend.o) .dtors)
 *(SORT_BY_NAME(.dtors.*))
 *(.dtors)

.dalign         0x0000000020000000        0x0 load address 0x0000000000001f00
                0x0000000020000000                . = ALIGN (0x4)
                0x0000000020000000                PROVIDE (_data_vma = .)

.dlalign        0x0000000000001f00        0x0
                0x0000000000001f00                . = ALIGN (0x4)
                0x0000000000001f00                PROVIDE (_data_lma = .)

.data           0x0000000020000000       0x98 load address 0x0000000000001f00
 *(.gnu.linkonce.r.*)
 *(.data .data.*)
 .data.AHBPrescTable
                0x0000000020000000       0x10 ./User/system_ch32v20x.o
                0x0000000020000000                AHBPrescTable
 .data.APBAHBPrescTable
                0x0000000020000010       0x10 ./Peripheral/src/ch32v20x_rcc.o
 .data.impure_data
                0x0000000020000020       0x60 d:/ruanjian/mounriver/mounriver_studio2/resources/app/resources/win32/components/wch/toolchain/risc-v embedded gcc/bin/../lib/gcc/riscv-none-embed/8.2.0/../../../../riscv-none-embed/lib/rv32imacxw/ilp32\libg_nano.a(lib_a-impure.o)
 *(.gnu.linkonce.d.*)
                0x0000000020000080                . = ALIGN (0x8)
                0x0000000020000880                PROVIDE (__global_pointer$ = (. + 0x800))
 *(.sdata .sdata.*)
 .sdata.SystemCoreClock
                0x0000000020000080        0x4 ./User/system_ch32v20x.o
                0x0000000020000080                SystemCoreClock
 .sdata.ADCPrescTable
                0x0000000020000084        0x4 ./Peripheral/src/ch32v20x_rcc.o
 .sdata.curbrk.4672
                0x0000000020000088        0x4 ./Debug/debug.o
 .sdata._impure_ptr
                0x000000002000008c        0x4 d:/ruanjian/mounriver/mounriver_studio2/resources/app/resources/win32/components/wch/toolchain/risc-v embedded gcc/bin/../lib/gcc/riscv-none-embed/8.2.0/../../../../riscv-none-embed/lib/rv32imacxw/ilp32\libg_nano.a(lib_a-impure.o)
                0x000000002000008c                _impure_ptr
 *(.sdata2.*)
 .sdata2._global_impure_ptr
                0x0000000020000090        0x4 d:/ruanjian/mounriver/mounriver_studio2/resources/app/resources/win32/components/wch/toolchain/risc-v embedded gcc/bin/../lib/gcc/riscv-none-embed/8.2.0/../../../../riscv-none-embed/lib/rv32imacxw/ilp32\libg_nano.a(lib_a-impure.o)
                0x0000000020000090                _global_impure_ptr
 *(.gnu.linkonce.s.*)
                0x0000000020000098                . = ALIGN (0x8)
 *fill*         0x0000000020000094        0x4 
 *(.srodata.cst16)
 *(.srodata.cst8)
 *(.srodata.cst4)
 *(.srodata.cst2)
 *(.srodata .srodata.*)
                0x0000000020000098                . = ALIGN (0x4)
                0x0000000020000098                PROVIDE (_edata = .)

.bss            0x0000000020000098       0x18 load address 0x0000000000001f98
                0x0000000020000098                . = ALIGN (0x4)
                0x0000000020000098                PROVIDE (_sbss = .)
 *(.sbss*)
 .sbss.MCU_Version
                0x0000000020000098        0x1 ./Peripheral/src/ch32v20x_gpio.o
                0x0000000020000098                MCU_Version
 *fill*         0x0000000020000099        0x3 
 .sbss.NVIC_Priority_Group
                0x000000002000009c        0x4 ./Peripheral/src/ch32v20x_misc.o
                0x000000002000009c                NVIC_Priority_Group
 .sbss.p_ms     0x00000000200000a0        0x2 ./Debug/debug.o
 .sbss.p_us     0x00000000200000a2        0x1 ./Debug/debug.o
 *fill*         0x00000000200000a3        0x1 
 .sbss.__malloc_free_list
                0x00000000200000a4        0x4 d:/ruanjian/mounriver/mounriver_studio2/resources/app/resources/win32/components/wch/toolchain/risc-v embedded gcc/bin/../lib/gcc/riscv-none-embed/8.2.0/../../../../riscv-none-embed/lib/rv32imacxw/ilp32\libg_nano.a(lib_a-nano-mallocr.o)
                0x00000000200000a4                __malloc_free_list
 .sbss.__malloc_sbrk_start
                0x00000000200000a8        0x4 d:/ruanjian/mounriver/mounriver_studio2/resources/app/resources/win32/components/wch/toolchain/risc-v embedded gcc/bin/../lib/gcc/riscv-none-embed/8.2.0/../../../../riscv-none-embed/lib/rv32imacxw/ilp32\libg_nano.a(lib_a-nano-mallocr.o)
                0x00000000200000a8                __malloc_sbrk_start
 *(.gnu.linkonce.sb.*)
 *(.bss*)
 *(.gnu.linkonce.b.*)
 *(COMMON*)
 COMMON         0x00000000200000ac        0x4 d:/ruanjian/mounriver/mounriver_studio2/resources/app/resources/win32/components/wch/toolchain/risc-v embedded gcc/bin/../lib/gcc/riscv-none-embed/8.2.0/../../../../riscv-none-embed/lib/rv32imacxw/ilp32\libg_nano.a(lib_a-reent.o)
                0x00000000200000ac                errno
                0x00000000200000b0                . = ALIGN (0x4)
                0x00000000200000b0                PROVIDE (_ebss = .)
                0x00000000200000b0                PROVIDE (_end = _ebss)
                [!provide]                        PROVIDE (end = .)

.stack          0x0000000020004800      0x800
                0x0000000020004800                PROVIDE (_heap_end = .)
                0x0000000020004800                . = ALIGN (0x4)
                [!provide]                        PROVIDE (_susrstack = .)
                0x0000000020005000                . = (. + __stack_size)
 *fill*         0x0000000020004800      0x800 
                0x0000000020005000                PROVIDE (_eusrstack = .)
OUTPUT(LORA_control.elf elf32-littleriscv)

.debug_info     0x0000000000000000     0x82ce
 .debug_info    0x0000000000000000      0xbc0 ./User/ch32v20x_it.o
 .debug_info    0x0000000000000bc0      0xa31 ./User/main.o
 .debug_info    0x00000000000015f1      0xb89 ./User/system_ch32v20x.o
 .debug_info    0x000000000000217a       0x22 ./Startup/startup_ch32v20x_D6.o
 .debug_info    0x000000000000219c      0xa94 ./Peripheral/src/ch32v20x_dbgmcu.o
 .debug_info    0x0000000000002c30     0x133b ./Peripheral/src/ch32v20x_gpio.o
 .debug_info    0x0000000000003f6b      0xe67 ./Peripheral/src/ch32v20x_misc.o
 .debug_info    0x0000000000004dd2     0x1273 ./Peripheral/src/ch32v20x_rcc.o
 .debug_info    0x0000000000006045     0x135c ./Peripheral/src/ch32v20x_usart.o
 .debug_info    0x00000000000073a1      0xf2d ./Debug/debug.o

.debug_abbrev   0x0000000000000000     0x19c2
 .debug_abbrev  0x0000000000000000      0x22c ./User/ch32v20x_it.o
 .debug_abbrev  0x000000000000022c      0x226 ./User/main.o
 .debug_abbrev  0x0000000000000452      0x2c0 ./User/system_ch32v20x.o
 .debug_abbrev  0x0000000000000712       0x12 ./Startup/startup_ch32v20x_D6.o
 .debug_abbrev  0x0000000000000724      0x2f7 ./Peripheral/src/ch32v20x_dbgmcu.o
 .debug_abbrev  0x0000000000000a1b      0x34b ./Peripheral/src/ch32v20x_gpio.o
 .debug_abbrev  0x0000000000000d66      0x2e1 ./Peripheral/src/ch32v20x_misc.o
 .debug_abbrev  0x0000000000001047      0x36b ./Peripheral/src/ch32v20x_rcc.o
 .debug_abbrev  0x00000000000013b2      0x32e ./Peripheral/src/ch32v20x_usart.o
 .debug_abbrev  0x00000000000016e0      0x2e2 ./Debug/debug.o

.debug_aranges  0x0000000000000000      0x430
 .debug_aranges
                0x0000000000000000       0x28 ./User/ch32v20x_it.o
 .debug_aranges
                0x0000000000000028       0x20 ./User/main.o
 .debug_aranges
                0x0000000000000048       0x28 ./User/system_ch32v20x.o
 .debug_aranges
                0x0000000000000070       0x30 ./Startup/startup_ch32v20x_D6.o
 .debug_aranges
                0x00000000000000a0       0x48 ./Peripheral/src/ch32v20x_dbgmcu.o
 .debug_aranges
                0x00000000000000e8       0xb0 ./Peripheral/src/ch32v20x_gpio.o
 .debug_aranges
                0x0000000000000198       0x28 ./Peripheral/src/ch32v20x_misc.o
 .debug_aranges
                0x00000000000001c0      0x130 ./Peripheral/src/ch32v20x_rcc.o
 .debug_aranges
                0x00000000000002f0       0xf0 ./Peripheral/src/ch32v20x_usart.o
 .debug_aranges
                0x00000000000003e0       0x50 ./Debug/debug.o

.debug_ranges   0x0000000000000000      0x3e8
 .debug_ranges  0x0000000000000000       0x18 ./User/ch32v20x_it.o
 .debug_ranges  0x0000000000000018       0x10 ./User/main.o
 .debug_ranges  0x0000000000000028       0x38 ./User/system_ch32v20x.o
 .debug_ranges  0x0000000000000060       0x28 ./Startup/startup_ch32v20x_D6.o
 .debug_ranges  0x0000000000000088       0x50 ./Peripheral/src/ch32v20x_dbgmcu.o
 .debug_ranges  0x00000000000000d8       0xa0 ./Peripheral/src/ch32v20x_gpio.o
 .debug_ranges  0x0000000000000178       0x30 ./Peripheral/src/ch32v20x_misc.o
 .debug_ranges  0x00000000000001a8      0x120 ./Peripheral/src/ch32v20x_rcc.o
 .debug_ranges  0x00000000000002c8       0xe0 ./Peripheral/src/ch32v20x_usart.o
 .debug_ranges  0x00000000000003a8       0x40 ./Debug/debug.o

.debug_line     0x0000000000000000     0x5831
 .debug_line    0x0000000000000000      0x341 ./User/ch32v20x_it.o
 .debug_line    0x0000000000000341      0x427 ./User/main.o
 .debug_line    0x0000000000000768      0x747 ./User/system_ch32v20x.o
 .debug_line    0x0000000000000eaf      0x121 ./Startup/startup_ch32v20x_D6.o
 .debug_line    0x0000000000000fd0      0x41c ./Peripheral/src/ch32v20x_dbgmcu.o
 .debug_line    0x00000000000013ec     0x1685 ./Peripheral/src/ch32v20x_gpio.o
 .debug_line    0x0000000000002a71      0x47e ./Peripheral/src/ch32v20x_misc.o
 .debug_line    0x0000000000002eef     0x122d ./Peripheral/src/ch32v20x_rcc.o
 .debug_line    0x000000000000411c      0xf3c ./Peripheral/src/ch32v20x_usart.o
 .debug_line    0x0000000000005058      0x7d9 ./Debug/debug.o

.debug_str      0x0000000000000000     0x18ce
 .debug_str     0x0000000000000000      0x625 ./User/ch32v20x_it.o
                                        0x68e (size before relaxing)
 .debug_str     0x0000000000000625       0x87 ./User/main.o
                                        0x617 (size before relaxing)
 .debug_str     0x00000000000006ac      0x100 ./User/system_ch32v20x.o
                                        0x6d5 (size before relaxing)
 .debug_str     0x00000000000007ac       0x2d ./Startup/startup_ch32v20x_D6.o
                                         0x62 (size before relaxing)
 .debug_str     0x00000000000007d9       0xa6 ./Peripheral/src/ch32v20x_dbgmcu.o
                                        0x64f (size before relaxing)
 .debug_str     0x000000000000087f      0x3e2 ./Peripheral/src/ch32v20x_gpio.o
                                        0x9c5 (size before relaxing)
 .debug_str     0x0000000000000c61      0x401 ./Peripheral/src/ch32v20x_misc.o
                                        0xa87 (size before relaxing)
 .debug_str     0x0000000000001062      0x3d7 ./Peripheral/src/ch32v20x_rcc.o
                                        0xad7 (size before relaxing)
 .debug_str     0x0000000000001439      0x406 ./Peripheral/src/ch32v20x_usart.o
                                        0xb07 (size before relaxing)
 .debug_str     0x000000000000183f       0x8f ./Debug/debug.o
                                        0x91a (size before relaxing)

.comment        0x0000000000000000       0x33
 .comment       0x0000000000000000       0x33 ./User/ch32v20x_it.o
                                         0x34 (size before relaxing)
 .comment       0x0000000000000033       0x34 ./User/main.o
 .comment       0x0000000000000033       0x34 ./User/system_ch32v20x.o
 .comment       0x0000000000000033       0x34 ./Peripheral/src/ch32v20x_dbgmcu.o
 .comment       0x0000000000000033       0x34 ./Peripheral/src/ch32v20x_gpio.o
 .comment       0x0000000000000033       0x34 ./Peripheral/src/ch32v20x_misc.o
 .comment       0x0000000000000033       0x34 ./Peripheral/src/ch32v20x_rcc.o
 .comment       0x0000000000000033       0x34 ./Peripheral/src/ch32v20x_usart.o
 .comment       0x0000000000000033       0x34 ./Debug/debug.o

.debug_frame    0x0000000000000000     0x10a8
 .debug_frame   0x0000000000000000       0x30 ./User/ch32v20x_it.o
 .debug_frame   0x0000000000000030       0x28 ./User/main.o
 .debug_frame   0x0000000000000058       0x3c ./User/system_ch32v20x.o
 .debug_frame   0x0000000000000094       0x70 ./Peripheral/src/ch32v20x_dbgmcu.o
 .debug_frame   0x0000000000000104      0x170 ./Peripheral/src/ch32v20x_gpio.o
 .debug_frame   0x0000000000000274       0x30 ./Peripheral/src/ch32v20x_misc.o
 .debug_frame   0x00000000000002a4      0x254 ./Peripheral/src/ch32v20x_rcc.o
 .debug_frame   0x00000000000004f8      0x1e4 ./Peripheral/src/ch32v20x_usart.o
 .debug_frame   0x00000000000006dc       0xb8 ./Debug/debug.o
 .debug_frame   0x0000000000000794       0x54 d:/ruanjian/mounriver/mounriver_studio2/resources/app/resources/win32/components/wch/toolchain/risc-v embedded gcc/bin/../lib/gcc/riscv-none-embed/8.2.0/../../../../riscv-none-embed/lib/rv32imacxw/ilp32\libg_nano.a(lib_a-printf.o)
 .debug_frame   0x00000000000007e8       0x54 d:/ruanjian/mounriver/mounriver_studio2/resources/app/resources/win32/components/wch/toolchain/risc-v embedded gcc/bin/../lib/gcc/riscv-none-embed/8.2.0/../../../../riscv-none-embed/lib/rv32imacxw/ilp32\libg_nano.a(lib_a-puts.o)
 .debug_frame   0x000000000000083c       0x50 d:/ruanjian/mounriver/mounriver_studio2/resources/app/resources/win32/components/wch/toolchain/risc-v embedded gcc/bin/../lib/gcc/riscv-none-embed/8.2.0/../../../../riscv-none-embed/lib/rv32imacxw/ilp32\libg_nano.a(lib_a-wbuf.o)
 .debug_frame   0x000000000000088c       0x3c d:/ruanjian/mounriver/mounriver_studio2/resources/app/resources/win32/components/wch/toolchain/risc-v embedded gcc/bin/../lib/gcc/riscv-none-embed/8.2.0/../../../../riscv-none-embed/lib/rv32imacxw/ilp32\libg_nano.a(lib_a-wsetup.o)
 .debug_frame   0x00000000000008c8       0x7c d:/ruanjian/mounriver/mounriver_studio2/resources/app/resources/win32/components/wch/toolchain/risc-v embedded gcc/bin/../lib/gcc/riscv-none-embed/8.2.0/../../../../riscv-none-embed/lib/rv32imacxw/ilp32\libg_nano.a(lib_a-fflush.o)
 .debug_frame   0x0000000000000944      0x148 d:/ruanjian/mounriver/mounriver_studio2/resources/app/resources/win32/components/wch/toolchain/risc-v embedded gcc/bin/../lib/gcc/riscv-none-embed/8.2.0/../../../../riscv-none-embed/lib/rv32imacxw/ilp32\libg_nano.a(lib_a-findfp.o)
 .debug_frame   0x0000000000000a8c       0x88 d:/ruanjian/mounriver/mounriver_studio2/resources/app/resources/win32/components/wch/toolchain/risc-v embedded gcc/bin/../lib/gcc/riscv-none-embed/8.2.0/../../../../riscv-none-embed/lib/rv32imacxw/ilp32\libg_nano.a(lib_a-fwalk.o)
 .debug_frame   0x0000000000000b14       0x64 d:/ruanjian/mounriver/mounriver_studio2/resources/app/resources/win32/components/wch/toolchain/risc-v embedded gcc/bin/../lib/gcc/riscv-none-embed/8.2.0/../../../../riscv-none-embed/lib/rv32imacxw/ilp32\libg_nano.a(lib_a-makebuf.o)
 .debug_frame   0x0000000000000b78       0x40 d:/ruanjian/mounriver/mounriver_studio2/resources/app/resources/win32/components/wch/toolchain/risc-v embedded gcc/bin/../lib/gcc/riscv-none-embed/8.2.0/../../../../riscv-none-embed/lib/rv32imacxw/ilp32\libg_nano.a(lib_a-nano-freer.o)
 .debug_frame   0x0000000000000bb8       0x40 d:/ruanjian/mounriver/mounriver_studio2/resources/app/resources/win32/components/wch/toolchain/risc-v embedded gcc/bin/../lib/gcc/riscv-none-embed/8.2.0/../../../../riscv-none-embed/lib/rv32imacxw/ilp32\libg_nano.a(lib_a-nano-mallocr.o)
 .debug_frame   0x0000000000000bf8       0xd0 d:/ruanjian/mounriver/mounriver_studio2/resources/app/resources/win32/components/wch/toolchain/risc-v embedded gcc/bin/../lib/gcc/riscv-none-embed/8.2.0/../../../../riscv-none-embed/lib/rv32imacxw/ilp32\libg_nano.a(lib_a-nano-vfprintf.o)
 .debug_frame   0x0000000000000cc8       0x8c d:/ruanjian/mounriver/mounriver_studio2/resources/app/resources/win32/components/wch/toolchain/risc-v embedded gcc/bin/../lib/gcc/riscv-none-embed/8.2.0/../../../../riscv-none-embed/lib/rv32imacxw/ilp32\libg_nano.a(lib_a-nano-vfprintf_i.o)
 .debug_frame   0x0000000000000d54       0x30 d:/ruanjian/mounriver/mounriver_studio2/resources/app/resources/win32/components/wch/toolchain/risc-v embedded gcc/bin/../lib/gcc/riscv-none-embed/8.2.0/../../../../riscv-none-embed/lib/rv32imacxw/ilp32\libg_nano.a(lib_a-sbrkr.o)
 .debug_frame   0x0000000000000d84       0xa4 d:/ruanjian/mounriver/mounriver_studio2/resources/app/resources/win32/components/wch/toolchain/risc-v embedded gcc/bin/../lib/gcc/riscv-none-embed/8.2.0/../../../../riscv-none-embed/lib/rv32imacxw/ilp32\libg_nano.a(lib_a-stdio.o)
 .debug_frame   0x0000000000000e28       0x30 d:/ruanjian/mounriver/mounriver_studio2/resources/app/resources/win32/components/wch/toolchain/risc-v embedded gcc/bin/../lib/gcc/riscv-none-embed/8.2.0/../../../../riscv-none-embed/lib/rv32imacxw/ilp32\libg_nano.a(lib_a-writer.o)
 .debug_frame   0x0000000000000e58       0x30 d:/ruanjian/mounriver/mounriver_studio2/resources/app/resources/win32/components/wch/toolchain/risc-v embedded gcc/bin/../lib/gcc/riscv-none-embed/8.2.0/../../../../riscv-none-embed/lib/rv32imacxw/ilp32\libg_nano.a(lib_a-closer.o)
 .debug_frame   0x0000000000000e88       0x30 d:/ruanjian/mounriver/mounriver_studio2/resources/app/resources/win32/components/wch/toolchain/risc-v embedded gcc/bin/../lib/gcc/riscv-none-embed/8.2.0/../../../../riscv-none-embed/lib/rv32imacxw/ilp32\libg_nano.a(lib_a-fstatr.o)
 .debug_frame   0x0000000000000eb8       0x30 d:/ruanjian/mounriver/mounriver_studio2/resources/app/resources/win32/components/wch/toolchain/risc-v embedded gcc/bin/../lib/gcc/riscv-none-embed/8.2.0/../../../../riscv-none-embed/lib/rv32imacxw/ilp32\libg_nano.a(lib_a-isattyr.o)
 .debug_frame   0x0000000000000ee8       0x30 d:/ruanjian/mounriver/mounriver_studio2/resources/app/resources/win32/components/wch/toolchain/risc-v embedded gcc/bin/../lib/gcc/riscv-none-embed/8.2.0/../../../../riscv-none-embed/lib/rv32imacxw/ilp32\libg_nano.a(lib_a-lseekr.o)
 .debug_frame   0x0000000000000f18       0x20 d:/ruanjian/mounriver/mounriver_studio2/resources/app/resources/win32/components/wch/toolchain/risc-v embedded gcc/bin/../lib/gcc/riscv-none-embed/8.2.0/../../../../riscv-none-embed/lib/rv32imacxw/ilp32\libg_nano.a(lib_a-memchr.o)
 .debug_frame   0x0000000000000f38       0x30 d:/ruanjian/mounriver/mounriver_studio2/resources/app/resources/win32/components/wch/toolchain/risc-v embedded gcc/bin/../lib/gcc/riscv-none-embed/8.2.0/../../../../riscv-none-embed/lib/rv32imacxw/ilp32\libg_nano.a(lib_a-mlock.o)
 .debug_frame   0x0000000000000f68       0x30 d:/ruanjian/mounriver/mounriver_studio2/resources/app/resources/win32/components/wch/toolchain/risc-v embedded gcc/bin/../lib/gcc/riscv-none-embed/8.2.0/../../../../riscv-none-embed/lib/rv32imacxw/ilp32\libg_nano.a(lib_a-readr.o)
 .debug_frame   0x0000000000000f98       0x70 d:/ruanjian/mounriver/mounriver_studio2/resources/app/resources/win32/components/wch/toolchain/risc-v embedded gcc/bin/../lib/gcc/riscv-none-embed/8.2.0/../../../../riscv-none-embed/lib/rv32imacxw/ilp32\libg_nano.a(lib_a-reent.o)
 .debug_frame   0x0000000000001008       0x20 d:/ruanjian/mounriver/mounriver_studio2/resources/app/resources/win32/components/wch/toolchain/risc-v embedded gcc/bin/../lib/gcc/riscv-none-embed/8.2.0/../../../../riscv-none-embed/lib/rv32imacxw/ilp32\libnosys.a(close.o)
 .debug_frame   0x0000000000001028       0x20 d:/ruanjian/mounriver/mounriver_studio2/resources/app/resources/win32/components/wch/toolchain/risc-v embedded gcc/bin/../lib/gcc/riscv-none-embed/8.2.0/../../../../riscv-none-embed/lib/rv32imacxw/ilp32\libnosys.a(fstat.o)
 .debug_frame   0x0000000000001048       0x20 d:/ruanjian/mounriver/mounriver_studio2/resources/app/resources/win32/components/wch/toolchain/risc-v embedded gcc/bin/../lib/gcc/riscv-none-embed/8.2.0/../../../../riscv-none-embed/lib/rv32imacxw/ilp32\libnosys.a(isatty.o)
 .debug_frame   0x0000000000001068       0x20 d:/ruanjian/mounriver/mounriver_studio2/resources/app/resources/win32/components/wch/toolchain/risc-v embedded gcc/bin/../lib/gcc/riscv-none-embed/8.2.0/../../../../riscv-none-embed/lib/rv32imacxw/ilp32\libnosys.a(lseek.o)
 .debug_frame   0x0000000000001088       0x20 d:/ruanjian/mounriver/mounriver_studio2/resources/app/resources/win32/components/wch/toolchain/risc-v embedded gcc/bin/../lib/gcc/riscv-none-embed/8.2.0/../../../../riscv-none-embed/lib/rv32imacxw/ilp32\libnosys.a(read.o)

.debug_loc      0x0000000000000000     0x1a4b
 .debug_loc     0x0000000000000000       0xac ./User/system_ch32v20x.o
 .debug_loc     0x00000000000000ac       0x7c ./Peripheral/src/ch32v20x_dbgmcu.o
 .debug_loc     0x0000000000000128      0x888 ./Peripheral/src/ch32v20x_gpio.o
 .debug_loc     0x00000000000009b0       0x47 ./Peripheral/src/ch32v20x_misc.o
 .debug_loc     0x00000000000009f7      0x797 ./Peripheral/src/ch32v20x_rcc.o
 .debug_loc     0x000000000000118e      0x746 ./Peripheral/src/ch32v20x_usart.o
 .debug_loc     0x00000000000018d4      0x177 ./Debug/debug.o

.stab           0x0000000000000000       0x84
 .stab          0x0000000000000000       0x24 d:/ruanjian/mounriver/mounriver_studio2/resources/app/resources/win32/components/wch/toolchain/risc-v embedded gcc/bin/../lib/gcc/riscv-none-embed/8.2.0/../../../../riscv-none-embed/lib/rv32imacxw/ilp32\libnosys.a(close.o)
 .stab          0x0000000000000024       0x18 d:/ruanjian/mounriver/mounriver_studio2/resources/app/resources/win32/components/wch/toolchain/risc-v embedded gcc/bin/../lib/gcc/riscv-none-embed/8.2.0/../../../../riscv-none-embed/lib/rv32imacxw/ilp32\libnosys.a(fstat.o)
                                         0x24 (size before relaxing)
 .stab          0x000000000000003c       0x18 d:/ruanjian/mounriver/mounriver_studio2/resources/app/resources/win32/components/wch/toolchain/risc-v embedded gcc/bin/../lib/gcc/riscv-none-embed/8.2.0/../../../../riscv-none-embed/lib/rv32imacxw/ilp32\libnosys.a(isatty.o)
                                         0x24 (size before relaxing)
 .stab          0x0000000000000054       0x18 d:/ruanjian/mounriver/mounriver_studio2/resources/app/resources/win32/components/wch/toolchain/risc-v embedded gcc/bin/../lib/gcc/riscv-none-embed/8.2.0/../../../../riscv-none-embed/lib/rv32imacxw/ilp32\libnosys.a(lseek.o)
                                         0x24 (size before relaxing)
 .stab          0x000000000000006c       0x18 d:/ruanjian/mounriver/mounriver_studio2/resources/app/resources/win32/components/wch/toolchain/risc-v embedded gcc/bin/../lib/gcc/riscv-none-embed/8.2.0/../../../../riscv-none-embed/lib/rv32imacxw/ilp32\libnosys.a(read.o)
                                         0x24 (size before relaxing)

.stabstr        0x0000000000000000      0x117
 .stabstr       0x0000000000000000      0x117 d:/ruanjian/mounriver/mounriver_studio2/resources/app/resources/win32/components/wch/toolchain/risc-v embedded gcc/bin/../lib/gcc/riscv-none-embed/8.2.0/../../../../riscv-none-embed/lib/rv32imacxw/ilp32\libnosys.a(close.o)
